Success: False, Error: Outdated data, Most Critical Message:
